[
  {
    "line": "type Result<T, E> = Ok(T) | Err(E)",
    "tokens": [
      {
        "startIndex": 0,
        "endIndex": 4,
        "scopes": [
          "source.sjs",
          "storage.type.sjs"
        ]
      },
      {
        "startIndex": 4,
        "endIndex": 5,
        "scopes": [
          "source.sjs"
        ]
      },
      {
        "startIndex": 5,
        "endIndex": 11,
        "scopes": [
          "source.sjs",
          "entity.name.type.sjs"
        ]
      },
      {
        "startIndex": 11,
        "endIndex": 17,
        "scopes": [
          "source.sjs",
          "meta.type.parameters.sjs"
        ]
      },
      {
        "startIndex": 17,
        "endIndex": 18,
        "scopes": [
          "source.sjs"
        ]
      },
      {
        "startIndex": 18,
        "endIndex": 19,
        "scopes": [
          "source.sjs",
          "keyword.operator.assignment.sjs"
        ]
      },
      {
        "startIndex": 19,
        "endIndex": 20,
        "scopes": [
          "source.sjs"
        ]
      },
      {
        "startIndex": 20,
        "endIndex": 22,
        "scopes": [
          "source.sjs",
          "entity.name.type.variant.sjs"
        ]
      },
      {
        "startIndex": 22,
        "endIndex": 23,
        "scopes": [
          "source.sjs"
        ]
      },
      {
        "startIndex": 23,
        "endIndex": 24,
        "scopes": [
          "source.sjs"
        ]
      },
      {
        "startIndex": 24,
        "endIndex": 25,
        "scopes": [
          "source.sjs"
        ]
      },
      {
        "startIndex": 25,
        "endIndex": 26,
        "scopes": [
          "source.sjs"
        ]
      },
      {
        "startIndex": 26,
        "endIndex": 27,
        "scopes": [
          "source.sjs",
          "keyword.operator.type.union.sjs"
        ]
      },
      {
        "startIndex": 27,
        "endIndex": 28,
        "scopes": [
          "source.sjs"
        ]
      },
      {
        "startIndex": 28,
        "endIndex": 31,
        "scopes": [
          "source.sjs",
          "entity.name.type.variant.sjs"
        ]
      },
      {
        "startIndex": 31,
        "endIndex": 32,
        "scopes": [
          "source.sjs"
        ]
      },
      {
        "startIndex": 32,
        "endIndex": 33,
        "scopes": [
          "source.sjs"
        ]
      },
      {
        "startIndex": 33,
        "endIndex": 34,
        "scopes": [
          "source.sjs"
        ]
      }
    ]
  },
  {
    "line": "type Option<T> = Some(T) | None",
    "tokens": [
      {
        "startIndex": 0,
        "endIndex": 4,
        "scopes": [
          "source.sjs",
          "storage.type.sjs"
        ]
      },
      {
        "startIndex": 4,
        "endIndex": 5,
        "scopes": [
          "source.sjs"
        ]
      },
      {
        "startIndex": 5,
        "endIndex": 11,
        "scopes": [
          "source.sjs",
          "entity.name.type.sjs"
        ]
      },
      {
        "startIndex": 11,
        "endIndex": 14,
        "scopes": [
          "source.sjs",
          "meta.type.parameters.sjs"
        ]
      },
      {
        "startIndex": 14,
        "endIndex": 15,
        "scopes": [
          "source.sjs"
        ]
      },
      {
        "startIndex": 15,
        "endIndex": 16,
        "scopes": [
          "source.sjs",
          "keyword.operator.assignment.sjs"
        ]
      },
      {
        "startIndex": 16,
        "endIndex": 17,
        "scopes": [
          "source.sjs"
        ]
      },
      {
        "startIndex": 17,
        "endIndex": 21,
        "scopes": [
          "source.sjs",
          "entity.name.type.variant.sjs"
        ]
      },
      {
        "startIndex": 21,
        "endIndex": 22,
        "scopes": [
          "source.sjs"
        ]
      },
      {
        "startIndex": 22,
        "endIndex": 23,
        "scopes": [
          "source.sjs"
        ]
      },
      {
        "startIndex": 23,
        "endIndex": 24,
        "scopes": [
          "source.sjs"
        ]
      },
      {
        "startIndex": 24,
        "endIndex": 25,
        "scopes": [
          "source.sjs"
        ]
      },
      {
        "startIndex": 25,
        "endIndex": 26,
        "scopes": [
          "source.sjs",
          "keyword.operator.type.union.sjs"
        ]
      },
      {
        "startIndex": 26,
        "endIndex": 27,
        "scopes": [
          "source.sjs"
        ]
      },
      {
        "startIndex": 27,
        "endIndex": 31,
        "scopes": [
          "source.sjs",
          "entity.name.type.variant.unit.sjs"
        ]
      }
    ]
  },
  {
    "line": "",
    "tokens": [
      {
        "startIndex": 0,
        "endIndex": 1,
        "scopes": [
          "source.sjs"
        ]
      }
    ]
  }
]