[
  {
    "line": "const result = match r {",
    "tokens": [
      {
        "startIndex": 0,
        "endIndex": 15,
        "scopes": [
          "source.sjs"
        ]
      },
      {
        "startIndex": 15,
        "endIndex": 20,
        "scopes": [
          "source.sjs",
          "meta.match.sjs",
          "keyword.control.match.sjs"
        ]
      },
      {
        "startIndex": 20,
        "endIndex": 21,
        "scopes": [
          "source.sjs",
          "meta.match.sjs"
        ]
      },
      {
        "startIndex": 21,
        "endIndex": 23,
        "scopes": [
          "source.sjs",
          "meta.match.sjs"
        ]
      },
      {
        "startIndex": 23,
        "endIndex": 24,
        "scopes": [
          "source.sjs",
          "meta.match.sjs",
          "meta.match.body.sjs",
          "punctuation.section.match.begin.sjs"
        ]
      }
    ]
  },
  {
    "line": "  Ok(v) => v",
    "tokens": [
      {
        "startIndex": 0,
        "endIndex": 2,
        "scopes": [
          "source.sjs",
          "meta.match.sjs",
          "meta.match.body.sjs"
        ]
      },
      {
        "startIndex": 2,
        "endIndex": 4,
        "scopes": [
          "source.sjs",
          "meta.match.sjs",
          "meta.match.body.sjs",
          "entity.name.function.constructor.variant.sjs"
        ]
      },
      {
        "startIndex": 4,
        "endIndex": 8,
        "scopes": [
          "source.sjs",
          "meta.match.sjs",
          "meta.match.body.sjs"
        ]
      },
      {
        "startIndex": 8,
        "endIndex": 10,
        "scopes": [
          "source.sjs",
          "meta.match.sjs",
          "meta.match.body.sjs",
          "keyword.operator.match.arrow.sjs"
        ]
      },
      {
        "startIndex": 10,
        "endIndex": 13,
        "scopes": [
          "source.sjs",
          "meta.match.sjs",
          "meta.match.body.sjs"
        ]
      }
    ]
  },
  {
    "line": "  Err(e) => 0",
    "tokens": [
      {
        "startIndex": 0,
        "endIndex": 14,
        "scopes": [
          "source.sjs",
          "meta.match.sjs",
          "meta.match.body.sjs"
        ]
      }
    ]
  },
  {
    "line": "}",
    "tokens": [
      {
        "startIndex": 0,
        "endIndex": 1,
        "scopes": [
          "source.sjs",
          "meta.match.sjs",
          "meta.match.body.sjs",
          "punctuation.section.match.end.sjs"
        ]
      }
    ]
  },
  {
    "line": "",
    "tokens": [
      {
        "startIndex": 0,
        "endIndex": 1,
        "scopes": [
          "source.sjs"
        ]
      }
    ]
  }
]