[
  {
    "line": "function zip<T: Sized, U: Clone>(a: T, b: U): [T, U] {",
    "tokens": [
      {
        "startIndex": 0,
        "endIndex": 13,
        "scopes": [
          "source.sjs"
        ]
      },
      {
        "startIndex": 13,
        "endIndex": 14,
        "scopes": [
          "source.sjs",
          "entity.name.function.constructor.variant.unit.sjs"
        ]
      },
      {
        "startIndex": 14,
        "endIndex": 16,
        "scopes": [
          "source.sjs"
        ]
      },
      {
        "startIndex": 16,
        "endIndex": 21,
        "scopes": [
          "source.sjs",
          "entity.name.function.constructor.variant.unit.sjs"
        ]
      },
      {
        "startIndex": 21,
        "endIndex": 23,
        "scopes": [
          "source.sjs"
        ]
      },
      {
        "startIndex": 23,
        "endIndex": 24,
        "scopes": [
          "source.sjs",
          "entity.name.function.constructor.variant.unit.sjs"
        ]
      },
      {
        "startIndex": 24,
        "endIndex": 26,
        "scopes": [
          "source.sjs"
        ]
      },
      {
        "startIndex": 26,
        "endIndex": 31,
        "scopes": [
          "source.sjs",
          "entity.name.function.constructor.variant.unit.sjs"
        ]
      },
      {
        "startIndex": 31,
        "endIndex": 36,
        "scopes": [
          "source.sjs"
        ]
      },
      {
        "startIndex": 36,
        "endIndex": 37,
        "scopes": [
          "source.sjs",
          "entity.name.function.constructor.variant.unit.sjs"
        ]
      },
      {
        "startIndex": 37,
        "endIndex": 39,
        "scopes": [
          "source.sjs"
        ]
      },
      {
        "startIndex": 39,
        "endIndex": 40,
        "scopes": [
          "source.sjs",
          "entity.name.type.parameter.sjs"
        ]
      },
      {
        "startIndex": 40,
        "endIndex": 41,
        "scopes": [
          "source.sjs",
          "keyword.operator.type.constraint.sjs"
        ]
      },
      {
        "startIndex": 41,
        "endIndex": 48,
        "scopes": [
          "source.sjs"
        ]
      },
      {
        "startIndex": 48,
        "endIndex": 50,
        "scopes": [
          "source.sjs"
        ]
      },
      {
        "startIndex": 50,
        "endIndex": 51,
        "scopes": [
          "source.sjs",
          "entity.name.function.constructor.variant.unit.sjs"
        ]
      },
      {
        "startIndex": 51,
        "endIndex": 55,
        "scopes": [
          "source.sjs"
        ]
      }
    ]
  },
  {
    "line": "  return [a, b]",
    "tokens": [
      {
        "startIndex": 0,
        "endIndex": 16,
        "scopes": [
          "source.sjs"
        ]
      }
    ]
  },
  {
    "line": "}",
    "tokens": [
      {
        "startIndex": 0,
        "endIndex": 2,
        "scopes": [
          "source.sjs"
        ]
      }
    ]
  },
  {
    "line": "",
    "tokens": [
      {
        "startIndex": 0,
        "endIndex": 1,
        "scopes": [
          "source.sjs"
        ]
      }
    ]
  }
]