[
  {
    "line": "function findUser(id: number): User? {",
    "tokens": [
      {
        "startIndex": 0,
        "endIndex": 31,
        "scopes": [
          "source.sjs"
        ]
      },
      {
        "startIndex": 31,
        "endIndex": 35,
        "scopes": [
          "source.sjs",
          "entity.name.function.constructor.variant.unit.sjs"
        ]
      },
      {
        "startIndex": 35,
        "endIndex": 36,
        "scopes": [
          "source.sjs",
          "keyword.operator.optional.sjs"
        ]
      },
      {
        "startIndex": 36,
        "endIndex": 39,
        "scopes": [
          "source.sjs"
        ]
      }
    ]
  },
  {
    "line": "  return null",
    "tokens": [
      {
        "startIndex": 0,
        "endIndex": 14,
        "scopes": [
          "source.sjs"
        ]
      }
    ]
  },
  {
    "line": "}",
    "tokens": [
      {
        "startIndex": 0,
        "endIndex": 2,
        "scopes": [
          "source.sjs"
        ]
      }
    ]
  },
  {
    "line": "",
    "tokens": [
      {
        "startIndex": 0,
        "endIndex": 1,
        "scopes": [
          "source.sjs"
        ]
      }
    ]
  }
]