[
  {
    "line": "type Comparable<T> {",
    "tokens": [
      {
        "startIndex": 0,
        "endIndex": 4,
        "scopes": [
          "source.sjs",
          "storage.type.sjs"
        ]
      },
      {
        "startIndex": 4,
        "endIndex": 5,
        "scopes": [
          "source.sjs"
        ]
      },
      {
        "startIndex": 5,
        "endIndex": 15,
        "scopes": [
          "source.sjs",
          "entity.name.type.sjs"
        ]
      },
      {
        "startIndex": 15,
        "endIndex": 18,
        "scopes": [
          "source.sjs",
          "meta.type.parameters.sjs"
        ]
      },
      {
        "startIndex": 18,
        "endIndex": 19,
        "scopes": [
          "source.sjs"
        ]
      },
      {
        "startIndex": 19,
        "endIndex": 21,
        "scopes": [
          "source.sjs"
        ]
      }
    ]
  },
  {
    "line": "  compareTo(other: T): number",
    "tokens": [
      {
        "startIndex": 0,
        "endIndex": 9,
        "scopes": [
          "source.sjs"
        ]
      },
      {
        "startIndex": 9,
        "endIndex": 11,
        "scopes": [
          "source.sjs",
          "entity.name.type.variant.sjs"
        ]
      },
      {
        "startIndex": 11,
        "endIndex": 12,
        "scopes": [
          "source.sjs"
        ]
      },
      {
        "startIndex": 12,
        "endIndex": 20,
        "scopes": [
          "source.sjs"
        ]
      },
      {
        "startIndex": 20,
        "endIndex": 21,
        "scopes": [
          "source.sjs"
        ]
      },
      {
        "startIndex": 21,
        "endIndex": 30,
        "scopes": [
          "source.sjs"
        ]
      }
    ]
  },
  {
    "line": "}",
    "tokens": [
      {
        "startIndex": 0,
        "endIndex": 2,
        "scopes": [
          "source.sjs"
        ]
      }
    ]
  },
  {
    "line": "",
    "tokens": [
      {
        "startIndex": 0,
        "endIndex": 1,
        "scopes": [
          "source.sjs"
        ]
      }
    ]
  }
]