[
  {
    "line": "type Shape =",
    "tokens": [
      {
        "startIndex": 0,
        "endIndex": 4,
        "scopes": [
          "source.sjs",
          "storage.type.sjs"
        ]
      },
      {
        "startIndex": 4,
        "endIndex": 5,
        "scopes": [
          "source.sjs"
        ]
      },
      {
        "startIndex": 5,
        "endIndex": 10,
        "scopes": [
          "source.sjs",
          "entity.name.type.sjs"
        ]
      },
      {
        "startIndex": 10,
        "endIndex": 11,
        "scopes": [
          "source.sjs"
        ]
      },
      {
        "startIndex": 11,
        "endIndex": 12,
        "scopes": [
          "source.sjs",
          "keyword.operator.assignment.sjs"
        ]
      }
    ]
  },
  {
    "line": "  | Circle({ radius: number })",
    "tokens": [
      {
        "startIndex": 0,
        "endIndex": 2,
        "scopes": [
          "source.sjs"
        ]
      },
      {
        "startIndex": 2,
        "endIndex": 3,
        "scopes": [
          "source.sjs",
          "keyword.operator.type.union.sjs"
        ]
      },
      {
        "startIndex": 3,
        "endIndex": 4,
        "scopes": [
          "source.sjs"
        ]
      },
      {
        "startIndex": 4,
        "endIndex": 10,
        "scopes": [
          "source.sjs",
          "entity.name.type.variant.sjs"
        ]
      },
      {
        "startIndex": 10,
        "endIndex": 11,
        "scopes": [
          "source.sjs"
        ]
      },
      {
        "startIndex": 11,
        "endIndex": 29,
        "scopes": [
          "source.sjs"
        ]
      },
      {
        "startIndex": 29,
        "endIndex": 30,
        "scopes": [
          "source.sjs"
        ]
      }
    ]
  },
  {
    "line": "  | Rect({ w: number, h: number })",
    "tokens": [
      {
        "startIndex": 0,
        "endIndex": 2,
        "scopes": [
          "source.sjs"
        ]
      },
      {
        "startIndex": 2,
        "endIndex": 3,
        "scopes": [
          "source.sjs",
          "keyword.operator.type.union.sjs"
        ]
      },
      {
        "startIndex": 3,
        "endIndex": 4,
        "scopes": [
          "source.sjs"
        ]
      },
      {
        "startIndex": 4,
        "endIndex": 8,
        "scopes": [
          "source.sjs",
          "entity.name.type.variant.sjs"
        ]
      },
      {
        "startIndex": 8,
        "endIndex": 9,
        "scopes": [
          "source.sjs"
        ]
      },
      {
        "startIndex": 9,
        "endIndex": 33,
        "scopes": [
          "source.sjs"
        ]
      },
      {
        "startIndex": 33,
        "endIndex": 34,
        "scopes": [
          "source.sjs"
        ]
      }
    ]
  },
  {
    "line": "  | Point",
    "tokens": [
      {
        "startIndex": 0,
        "endIndex": 2,
        "scopes": [
          "source.sjs"
        ]
      },
      {
        "startIndex": 2,
        "endIndex": 3,
        "scopes": [
          "source.sjs",
          "keyword.operator.type.union.sjs"
        ]
      },
      {
        "startIndex": 3,
        "endIndex": 4,
        "scopes": [
          "source.sjs"
        ]
      },
      {
        "startIndex": 4,
        "endIndex": 9,
        "scopes": [
          "source.sjs",
          "entity.name.type.variant.unit.sjs"
        ]
      }
    ]
  },
  {
    "line": "",
    "tokens": [
      {
        "startIndex": 0,
        "endIndex": 1,
        "scopes": [
          "source.sjs"
        ]
      }
    ]
  }
]