[
  {
    "line": "const v = cond",
    "tokens": [
      {
        "startIndex": 0,
        "endIndex": 15,
        "scopes": [
          "source.sjs"
        ]
      }
    ]
  },
  {
    "line": "  ? doThing()",
    "tokens": [
      {
        "startIndex": 0,
        "endIndex": 14,
        "scopes": [
          "source.sjs"
        ]
      }
    ]
  },
  {
    "line": "  : other",
    "tokens": [
      {
        "startIndex": 0,
        "endIndex": 10,
        "scopes": [
          "source.sjs"
        ]
      }
    ]
  },
  {
    "line": "const typed: string? = null",
    "tokens": [
      {
        "startIndex": 0,
        "endIndex": 19,
        "scopes": [
          "source.sjs"
        ]
      },
      {
        "startIndex": 19,
        "endIndex": 20,
        "scopes": [
          "source.sjs",
          "keyword.operator.optional.sjs"
        ]
      },
      {
        "startIndex": 20,
        "endIndex": 28,
        "scopes": [
          "source.sjs"
        ]
      }
    ]
  },
  {
    "line": "",
    "tokens": [
      {
        "startIndex": 0,
        "endIndex": 1,
        "scopes": [
          "source.sjs"
        ]
      }
    ]
  }
]