[
  {
    "line": "const r = Ok(42)",
    "tokens": [
      {
        "startIndex": 0,
        "endIndex": 10,
        "scopes": [
          "source.sjs"
        ]
      },
      {
        "startIndex": 10,
        "endIndex": 12,
        "scopes": [
          "source.sjs",
          "entity.name.function.constructor.variant.sjs"
        ]
      },
      {
        "startIndex": 12,
        "endIndex": 17,
        "scopes": [
          "source.sjs"
        ]
      }
    ]
  },
  {
    "line": "const e = Err(\"failed\")",
    "tokens": [
      {
        "startIndex": 0,
        "endIndex": 10,
        "scopes": [
          "source.sjs"
        ]
      },
      {
        "startIndex": 10,
        "endIndex": 13,
        "scopes": [
          "source.sjs",
          "entity.name.function.constructor.variant.sjs"
        ]
      },
      {
        "startIndex": 13,
        "endIndex": 24,
        "scopes": [
          "source.sjs"
        ]
      }
    ]
  },
  {
    "line": "const n = None",
    "tokens": [
      {
        "startIndex": 0,
        "endIndex": 10,
        "scopes": [
          "source.sjs"
        ]
      },
      {
        "startIndex": 10,
        "endIndex": 14,
        "scopes": [
          "source.sjs",
          "entity.name.function.constructor.variant.unit.sjs"
        ]
      }
    ]
  },
  {
    "line": "const s = Some(\"hello\")",
    "tokens": [
      {
        "startIndex": 0,
        "endIndex": 10,
        "scopes": [
          "source.sjs"
        ]
      },
      {
        "startIndex": 10,
        "endIndex": 14,
        "scopes": [
          "source.sjs",
          "entity.name.function.constructor.variant.sjs"
        ]
      },
      {
        "startIndex": 14,
        "endIndex": 24,
        "scopes": [
          "source.sjs"
        ]
      }
    ]
  },
  {
    "line": "",
    "tokens": [
      {
        "startIndex": 0,
        "endIndex": 1,
        "scopes": [
          "source.sjs"
        ]
      }
    ]
  }
]